Copyright 1986-2022 Xilinx, Inc. All Rights Reserved. Copyright 2022-2023 Advanced Micro Devices, Inc. All Rights Reserved.
------------------------------------------------------------------------------------------------------------------------------------------------------------------------------------------------------------------------------
| Tool Version : Vivado v.2023.1 (lin64) Build 3865809 Sun May  7 15:04:56 MDT 2023
| Date         : Sun Mar 10 16:55:53 2024
| Host         : tiago running 64-bit Ubuntu 23.04
| Command      : report_timing_summary -max_paths 10 -report_unconstrained -file ps2AXI_v1_0_timing_summary_routed.rpt -pb ps2AXI_v1_0_timing_summary_routed.pb -rpx ps2AXI_v1_0_timing_summary_routed.rpx -warn_on_violation
| Design       : ps2AXI_v1_0
| Device       : 7z010-clg400
| Speed File   : -1  PRODUCTION 1.12 2019-11-22
| Design State : Routed
------------------------------------------------------------------------------------------------------------------------------------------------------------------------------------------------------------------------------

Timing Summary Report

------------------------------------------------------------------------------------------------
| Timer Settings
| --------------
------------------------------------------------------------------------------------------------

  Enable Multi Corner Analysis               :  Yes
  Enable Pessimism Removal                   :  Yes
  Pessimism Removal Resolution               :  Nearest Common Node
  Enable Input Delay Default Clock           :  No
  Enable Preset / Clear Arcs                 :  No
  Disable Flight Delays                      :  No
  Ignore I/O Paths                           :  No
  Timing Early Launch at Borrowing Latches   :  No
  Borrow Time for Max Delay Exceptions       :  Yes
  Merge Timing Exceptions                    :  Yes

  Corner  Analyze    Analyze    
  Name    Max Paths  Min Paths  
  ------  ---------  ---------  
  Slow    Yes        Yes        
  Fast    Yes        Yes        


------------------------------------------------------------------------------------------------
| Report Methodology
| ------------------
------------------------------------------------------------------------------------------------

Rule       Severity          Description                  Violations  
---------  ----------------  ---------------------------  ----------  
TIMING-17  Critical Warning  Non-clocked sequential cell  180         

Note: This report is based on the most recent report_methodology run and may not be up-to-date. Run report_methodology on the current design for the latest report.



check_timing report

Table of Contents
-----------------
1. checking no_clock (180)
2. checking constant_clock (0)
3. checking pulse_width_clock (0)
4. checking unconstrained_internal_endpoints (519)
5. checking no_input_delay (48)
6. checking no_output_delay (37)
7. checking multiple_clock (0)
8. checking generated_clocks (0)
9. checking loops (0)
10. checking partial_input_delay (0)
11. checking partial_output_delay (0)
12. checking latch_loops (0)

1. checking no_clock (180)
--------------------------
 There are 180 register/latch pins with no clock driven by root clock pin: ps2_aclk (HIGH)


2. checking constant_clock (0)
------------------------------
 There are 0 register/latch pins with constant_clock.


3. checking pulse_width_clock (0)
---------------------------------
 There are 0 register/latch pins which need pulse_width check


4. checking unconstrained_internal_endpoints (519)
--------------------------------------------------
 There are 519 pins that are not constrained for maximum delay. (HIGH)

 There are 0 pins that are not constrained for maximum delay due to constant clock.


5. checking no_input_delay (48)
-------------------------------
 There are 48 input ports with no input delay specified. (HIGH)

 There are 0 input ports with no input delay but user has a false path constraint.


6. checking no_output_delay (37)
--------------------------------
 There are 37 ports with no output delay specified. (HIGH)

 There are 0 ports with no output delay but user has a false path constraint

 There are 0 ports with no output delay but with a timing clock defined on it or propagating through it


7. checking multiple_clock (0)
------------------------------
 There are 0 register/latch pins with multiple clocks.


8. checking generated_clocks (0)
--------------------------------
 There are 0 generated clocks that are not connected to a clock source.


9. checking loops (0)
---------------------
 There are 0 combinational loops in the design.


10. checking partial_input_delay (0)
------------------------------------
 There are 0 input ports with partial input delay specified.


11. checking partial_output_delay (0)
-------------------------------------
 There are 0 ports with partial output delay specified.


12. checking latch_loops (0)
----------------------------
 There are 0 combinational latch loops in the design through latch input



------------------------------------------------------------------------------------------------
| Design Timing Summary
| ---------------------
------------------------------------------------------------------------------------------------

    WNS(ns)      TNS(ns)  TNS Failing Endpoints  TNS Total Endpoints      WHS(ns)      THS(ns)  THS Failing Endpoints  THS Total Endpoints     WPWS(ns)     TPWS(ns)  TPWS Failing Endpoints  TPWS Total Endpoints  
    -------      -------  ---------------------  -------------------      -------      -------  ---------------------  -------------------     --------     --------  ----------------------  --------------------  
        inf        0.000                      0                  556          inf        0.000                      0                  556           NA           NA                      NA                    NA  


There are no user specified timing constraints.


------------------------------------------------------------------------------------------------
| Clock Summary
| -------------
------------------------------------------------------------------------------------------------


------------------------------------------------------------------------------------------------
| Intra Clock Table
| -----------------
------------------------------------------------------------------------------------------------

Clock             WNS(ns)      TNS(ns)  TNS Failing Endpoints  TNS Total Endpoints      WHS(ns)      THS(ns)  THS Failing Endpoints  THS Total Endpoints     WPWS(ns)     TPWS(ns)  TPWS Failing Endpoints  TPWS Total Endpoints  
-----             -------      -------  ---------------------  -------------------      -------      -------  ---------------------  -------------------     --------     --------  ----------------------  --------------------  


------------------------------------------------------------------------------------------------
| Inter Clock Table
| -----------------
------------------------------------------------------------------------------------------------

From Clock    To Clock          WNS(ns)      TNS(ns)  TNS Failing Endpoints  TNS Total Endpoints      WHS(ns)      THS(ns)  THS Failing Endpoints  THS Total Endpoints  
----------    --------          -------      -------  ---------------------  -------------------      -------      -------  ---------------------  -------------------  


------------------------------------------------------------------------------------------------
| Other Path Groups Table
| -----------------------
------------------------------------------------------------------------------------------------

Path Group    From Clock    To Clock          WNS(ns)      TNS(ns)  TNS Failing Endpoints  TNS Total Endpoints      WHS(ns)      THS(ns)  THS Failing Endpoints  THS Total Endpoints  
----------    ----------    --------          -------      -------  ---------------------  -------------------      -------      -------  ---------------------  -------------------  


------------------------------------------------------------------------------------------------
| User Ignored Path Table
| -----------------------
------------------------------------------------------------------------------------------------

Path Group    From Clock    To Clock    
----------    ----------    --------    


------------------------------------------------------------------------------------------------
| Unconstrained Path Table
| ------------------------
------------------------------------------------------------------------------------------------

Path Group    From Clock    To Clock    
----------    ----------    --------    
(none)                                    


------------------------------------------------------------------------------------------------
| Timing Details
| --------------
------------------------------------------------------------------------------------------------


--------------------------------------------------------------------------------------
Path Group:  (none)
From Clock:  
  To Clock:  

Max Delay           556 Endpoints
Min Delay           556 Endpoints
--------------------------------------------------------------------------------------


Max Delay Paths
--------------------------------------------------------------------------------------
Slack:                    inf
  Source:                 ps2AXI_v1_0_PS2_inst/axi_rdata_reg[0]/C
                            (rising edge-triggered cell FDRE)
  Destination:            ps2_rdata[0]
                            (output port)
  Path Group:             (none)
  Path Type:              Max at Slow Process Corner
  Data Path Delay:        5.922ns  (logic 3.055ns (51.583%)  route 2.867ns (48.417%))
  Logic Levels:           2  (FDRE=1 OBUF=1)

    Location             Delay type                Incr(ns)  Path(ns)    Netlist Resource(s)
  -------------------------------------------------------------------    -------------------
    SLICE_X39Y42         FDRE                         0.000     0.000 r  ps2AXI_v1_0_PS2_inst/axi_rdata_reg[0]/C
    SLICE_X39Y42         FDRE (Prop_fdre_C_Q)         0.456     0.456 r  ps2AXI_v1_0_PS2_inst/axi_rdata_reg[0]/Q
                         net (fo=1, routed)           2.867     3.323    ps2_rdata_OBUF[0]
    R16                  OBUF (Prop_obuf_I_O)         2.599     5.922 r  ps2_rdata_OBUF[0]_inst/O
                         net (fo=0)                   0.000     5.922    ps2_rdata[0]
    R16                                                               r  ps2_rdata[0] (OUT)
  -------------------------------------------------------------------    -------------------

Slack:                    inf
  Source:                 ps2AXI_v1_0_PS2_inst/axi_rdata_reg[1]/C
                            (rising edge-triggered cell FDRE)
  Destination:            ps2_rdata[1]
                            (output port)
  Path Group:             (none)
  Path Type:              Max at Slow Process Corner
  Data Path Delay:        5.789ns  (logic 3.080ns (53.198%)  route 2.710ns (46.802%))
  Logic Levels:           2  (FDRE=1 OBUF=1)

    Location             Delay type                Incr(ns)  Path(ns)    Netlist Resource(s)
  -------------------------------------------------------------------    -------------------
    SLICE_X41Y42         FDRE                         0.000     0.000 r  ps2AXI_v1_0_PS2_inst/axi_rdata_reg[1]/C
    SLICE_X41Y42         FDRE (Prop_fdre_C_Q)         0.456     0.456 r  ps2AXI_v1_0_PS2_inst/axi_rdata_reg[1]/Q
                         net (fo=1, routed)           2.710     3.166    ps2_rdata_OBUF[1]
    W16                  OBUF (Prop_obuf_I_O)         2.624     5.789 r  ps2_rdata_OBUF[1]_inst/O
                         net (fo=0)                   0.000     5.789    ps2_rdata[1]
    W16                                                               r  ps2_rdata[1] (OUT)
  -------------------------------------------------------------------    -------------------

Slack:                    inf
  Source:                 ps2AXI_v1_0_PS2_inst/axi_rdata_reg[6]/C
                            (rising edge-triggered cell FDRE)
  Destination:            ps2_rdata[6]
                            (output port)
  Path Group:             (none)
  Path Type:              Max at Slow Process Corner
  Data Path Delay:        5.746ns  (logic 3.094ns (53.840%)  route 2.652ns (46.160%))
  Logic Levels:           2  (FDRE=1 OBUF=1)

    Location             Delay type                Incr(ns)  Path(ns)    Netlist Resource(s)
  -------------------------------------------------------------------    -------------------
    SLICE_X39Y42         FDRE                         0.000     0.000 r  ps2AXI_v1_0_PS2_inst/axi_rdata_reg[6]/C
    SLICE_X39Y42         FDRE (Prop_fdre_C_Q)         0.456     0.456 r  ps2AXI_v1_0_PS2_inst/axi_rdata_reg[6]/Q
                         net (fo=1, routed)           2.652     3.108    ps2_rdata_OBUF[6]
    V20                  OBUF (Prop_obuf_I_O)         2.638     5.746 r  ps2_rdata_OBUF[6]_inst/O
                         net (fo=0)                   0.000     5.746    ps2_rdata[6]
    V20                                                               r  ps2_rdata[6] (OUT)
  -------------------------------------------------------------------    -------------------

Slack:                    inf
  Source:                 ps2AXI_v1_0_PS2_inst/axi_rdata_reg[5]/C
                            (rising edge-triggered cell FDRE)
  Destination:            ps2_rdata[5]
                            (output port)
  Path Group:             (none)
  Path Type:              Max at Slow Process Corner
  Data Path Delay:        5.745ns  (logic 3.096ns (53.886%)  route 2.649ns (46.114%))
  Logic Levels:           2  (FDRE=1 OBUF=1)

    Location             Delay type                Incr(ns)  Path(ns)    Netlist Resource(s)
  -------------------------------------------------------------------    -------------------
    SLICE_X41Y42         FDRE                         0.000     0.000 r  ps2AXI_v1_0_PS2_inst/axi_rdata_reg[5]/C
    SLICE_X41Y42         FDRE (Prop_fdre_C_Q)         0.456     0.456 r  ps2AXI_v1_0_PS2_inst/axi_rdata_reg[5]/Q
                         net (fo=1, routed)           2.649     3.105    ps2_rdata_OBUF[5]
    W20                  OBUF (Prop_obuf_I_O)         2.640     5.745 r  ps2_rdata_OBUF[5]_inst/O
                         net (fo=0)                   0.000     5.745    ps2_rdata[5]
    W20                                                               r  ps2_rdata[5] (OUT)
  -------------------------------------------------------------------    -------------------

Slack:                    inf
  Source:                 ps2AXI_v1_0_PS2_inst/axi_rdata_reg[8]/C
                            (rising edge-triggered cell FDRE)
  Destination:            ps2_rdata[8]
                            (output port)
  Path Group:             (none)
  Path Type:              Max at Slow Process Corner
  Data Path Delay:        5.739ns  (logic 3.086ns (53.774%)  route 2.653ns (46.226%))
  Logic Levels:           2  (FDRE=1 OBUF=1)

    Location             Delay type                Incr(ns)  Path(ns)    Netlist Resource(s)
  -------------------------------------------------------------------    -------------------
    SLICE_X39Y44         FDRE                         0.000     0.000 r  ps2AXI_v1_0_PS2_inst/axi_rdata_reg[8]/C
    SLICE_X39Y44         FDRE (Prop_fdre_C_Q)         0.456     0.456 r  ps2AXI_v1_0_PS2_inst/axi_rdata_reg[8]/Q
                         net (fo=1, routed)           2.653     3.109    ps2_rdata_OBUF[8]
    T20                  OBUF (Prop_obuf_I_O)         2.630     5.739 r  ps2_rdata_OBUF[8]_inst/O
                         net (fo=0)                   0.000     5.739    ps2_rdata[8]
    T20                                                               r  ps2_rdata[8] (OUT)
  -------------------------------------------------------------------    -------------------

Slack:                    inf
  Source:                 ps2AXI_v1_0_PS2_inst/axi_rdata_reg[7]/C
                            (rising edge-triggered cell FDRE)
  Destination:            ps2_rdata[7]
                            (output port)
  Path Group:             (none)
  Path Type:              Max at Slow Process Corner
  Data Path Delay:        5.728ns  (logic 3.082ns (53.816%)  route 2.645ns (46.184%))
  Logic Levels:           2  (FDRE=1 OBUF=1)

    Location             Delay type                Incr(ns)  Path(ns)    Netlist Resource(s)
  -------------------------------------------------------------------    -------------------
    SLICE_X39Y42         FDRE                         0.000     0.000 r  ps2AXI_v1_0_PS2_inst/axi_rdata_reg[7]/C
    SLICE_X39Y42         FDRE (Prop_fdre_C_Q)         0.456     0.456 r  ps2AXI_v1_0_PS2_inst/axi_rdata_reg[7]/Q
                         net (fo=1, routed)           2.645     3.101    ps2_rdata_OBUF[7]
    U20                  OBUF (Prop_obuf_I_O)         2.626     5.728 r  ps2_rdata_OBUF[7]_inst/O
                         net (fo=0)                   0.000     5.728    ps2_rdata[7]
    U20                                                               r  ps2_rdata[7] (OUT)
  -------------------------------------------------------------------    -------------------

Slack:                    inf
  Source:                 ps2AXI_v1_0_PS2_inst/axi_rdata_reg[3]/C
                            (rising edge-triggered cell FDRE)
  Destination:            ps2_rdata[3]
                            (output port)
  Path Group:             (none)
  Path Type:              Max at Slow Process Corner
  Data Path Delay:        5.654ns  (logic 3.095ns (54.749%)  route 2.558ns (45.251%))
  Logic Levels:           2  (FDRE=1 OBUF=1)

    Location             Delay type                Incr(ns)  Path(ns)    Netlist Resource(s)
  -------------------------------------------------------------------    -------------------
    SLICE_X41Y42         FDRE                         0.000     0.000 r  ps2AXI_v1_0_PS2_inst/axi_rdata_reg[3]/C
    SLICE_X41Y42         FDRE (Prop_fdre_C_Q)         0.456     0.456 r  ps2AXI_v1_0_PS2_inst/axi_rdata_reg[3]/Q
                         net (fo=1, routed)           2.558     3.014    ps2_rdata_OBUF[3]
    Y19                  OBUF (Prop_obuf_I_O)         2.639     5.654 r  ps2_rdata_OBUF[3]_inst/O
                         net (fo=0)                   0.000     5.654    ps2_rdata[3]
    Y19                                                               r  ps2_rdata[3] (OUT)
  -------------------------------------------------------------------    -------------------

Slack:                    inf
  Source:                 ps2AXI_v1_0_PS2_inst/axi_rdata_reg[4]/C
                            (rising edge-triggered cell FDRE)
  Destination:            ps2_rdata[4]
                            (output port)
  Path Group:             (none)
  Path Type:              Max at Slow Process Corner
  Data Path Delay:        5.649ns  (logic 3.102ns (54.915%)  route 2.547ns (45.085%))
  Logic Levels:           2  (FDRE=1 OBUF=1)

    Location             Delay type                Incr(ns)  Path(ns)    Netlist Resource(s)
  -------------------------------------------------------------------    -------------------
    SLICE_X41Y42         FDRE                         0.000     0.000 r  ps2AXI_v1_0_PS2_inst/axi_rdata_reg[4]/C
    SLICE_X41Y42         FDRE (Prop_fdre_C_Q)         0.456     0.456 r  ps2AXI_v1_0_PS2_inst/axi_rdata_reg[4]/Q
                         net (fo=1, routed)           2.547     3.003    ps2_rdata_OBUF[4]
    Y18                  OBUF (Prop_obuf_I_O)         2.646     5.649 r  ps2_rdata_OBUF[4]_inst/O
                         net (fo=0)                   0.000     5.649    ps2_rdata[4]
    Y18                                                               r  ps2_rdata[4] (OUT)
  -------------------------------------------------------------------    -------------------

Slack:                    inf
  Source:                 ps2AXI_v1_0_PS2_inst/axi_rdata_reg[2]/C
                            (rising edge-triggered cell FDRE)
  Destination:            ps2_rdata[2]
                            (output port)
  Path Group:             (none)
  Path Type:              Max at Slow Process Corner
  Data Path Delay:        5.642ns  (logic 3.075ns (54.503%)  route 2.567ns (45.497%))
  Logic Levels:           2  (FDRE=1 OBUF=1)

    Location             Delay type                Incr(ns)  Path(ns)    Netlist Resource(s)
  -------------------------------------------------------------------    -------------------
    SLICE_X39Y42         FDRE                         0.000     0.000 r  ps2AXI_v1_0_PS2_inst/axi_rdata_reg[2]/C
    SLICE_X39Y42         FDRE (Prop_fdre_C_Q)         0.456     0.456 r  ps2AXI_v1_0_PS2_inst/axi_rdata_reg[2]/Q
                         net (fo=1, routed)           2.567     3.023    ps2_rdata_OBUF[2]
    V16                  OBUF (Prop_obuf_I_O)         2.619     5.642 r  ps2_rdata_OBUF[2]_inst/O
                         net (fo=0)                   0.000     5.642    ps2_rdata[2]
    V16                                                               r  ps2_rdata[2] (OUT)
  -------------------------------------------------------------------    -------------------

Slack:                    inf
  Source:                 ps2AXI_v1_0_PS2_inst/axi_rdata_reg[9]/C
                            (rising edge-triggered cell FDRE)
  Destination:            ps2_rdata[9]
                            (output port)
  Path Group:             (none)
  Path Type:              Max at Slow Process Corner
  Data Path Delay:        5.617ns  (logic 3.098ns (55.155%)  route 2.519ns (44.845%))
  Logic Levels:           2  (FDRE=1 OBUF=1)

    Location             Delay type                Incr(ns)  Path(ns)    Netlist Resource(s)
  -------------------------------------------------------------------    -------------------
    SLICE_X39Y44         FDRE                         0.000     0.000 r  ps2AXI_v1_0_PS2_inst/axi_rdata_reg[9]/C
    SLICE_X39Y44         FDRE (Prop_fdre_C_Q)         0.456     0.456 r  ps2AXI_v1_0_PS2_inst/axi_rdata_reg[9]/Q
                         net (fo=1, routed)           2.519     2.975    ps2_rdata_OBUF[9]
    P20                  OBUF (Prop_obuf_I_O)         2.642     5.617 r  ps2_rdata_OBUF[9]_inst/O
                         net (fo=0)                   0.000     5.617    ps2_rdata[9]
    P20                                                               r  ps2_rdata[9] (OUT)
  -------------------------------------------------------------------    -------------------





Min Delay Paths
--------------------------------------------------------------------------------------
Slack:                    inf
  Source:                 ps2AXI_v1_0_PS2_inst/slv_reg1_reg[18]/C
                            (rising edge-triggered cell FDRE)
  Destination:            ps2AXI_v1_0_PS2_inst/axi_rdata_reg[18]/D
  Path Group:             (none)
  Path Type:              Min at Fast Process Corner
  Data Path Delay:        0.260ns  (logic 0.209ns (80.352%)  route 0.051ns (19.648%))
  Logic Levels:           2  (FDRE=1 LUT5=1)

    Location             Delay type                Incr(ns)  Path(ns)    Netlist Resource(s)
  -------------------------------------------------------------------    -------------------
    SLICE_X42Y43         FDRE                         0.000     0.000 r  ps2AXI_v1_0_PS2_inst/slv_reg1_reg[18]/C
    SLICE_X42Y43         FDRE (Prop_fdre_C_Q)         0.164     0.164 r  ps2AXI_v1_0_PS2_inst/slv_reg1_reg[18]/Q
                         net (fo=1, routed)           0.051     0.215    ps2AXI_v1_0_PS2_inst/slv_reg1_reg_n_0_[18]
    SLICE_X43Y43         LUT5 (Prop_lut5_I0_O)        0.045     0.260 r  ps2AXI_v1_0_PS2_inst/axi_rdata[18]_i_1/O
                         net (fo=1, routed)           0.000     0.260    ps2AXI_v1_0_PS2_inst/reg_data_out[18]
    SLICE_X43Y43         FDRE                                         r  ps2AXI_v1_0_PS2_inst/axi_rdata_reg[18]/D
  -------------------------------------------------------------------    -------------------

Slack:                    inf
  Source:                 ps2AXI_v1_0_PS2_inst/ps2/data_read_reg[7]/C
                            (rising edge-triggered cell FDRE)
  Destination:            ps2AXI_v1_0_PS2_inst/ps2/key_reg[2]/D
  Path Group:             (none)
  Path Type:              Min at Fast Process Corner
  Data Path Delay:        0.265ns  (logic 0.141ns (53.206%)  route 0.124ns (46.794%))
  Logic Levels:           1  (FDRE=1)

    Location             Delay type                Incr(ns)  Path(ns)    Netlist Resource(s)
  -------------------------------------------------------------------    -------------------
    SLICE_X39Y40         FDRE                         0.000     0.000 r  ps2AXI_v1_0_PS2_inst/ps2/data_read_reg[7]/C
    SLICE_X39Y40         FDRE (Prop_fdre_C_Q)         0.141     0.141 r  ps2AXI_v1_0_PS2_inst/ps2/data_read_reg[7]/Q
                         net (fo=2, routed)           0.124     0.265    ps2AXI_v1_0_PS2_inst/ps2/data_read_reg_n_0_[7]
    SLICE_X41Y40         FDRE                                         r  ps2AXI_v1_0_PS2_inst/ps2/key_reg[2]/D
  -------------------------------------------------------------------    -------------------

Slack:                    inf
  Source:                 ps2AXI_v1_0_PS2_inst/ps2/data_read_reg[5]/C
                            (rising edge-triggered cell FDRE)
  Destination:            ps2AXI_v1_0_PS2_inst/ps2/key_reg[4]/D
  Path Group:             (none)
  Path Type:              Min at Fast Process Corner
  Data Path Delay:        0.265ns  (logic 0.141ns (53.206%)  route 0.124ns (46.794%))
  Logic Levels:           1  (FDRE=1)

    Location             Delay type                Incr(ns)  Path(ns)    Netlist Resource(s)
  -------------------------------------------------------------------    -------------------
    SLICE_X39Y40         FDRE                         0.000     0.000 r  ps2AXI_v1_0_PS2_inst/ps2/data_read_reg[5]/C
    SLICE_X39Y40         FDRE (Prop_fdre_C_Q)         0.141     0.141 r  ps2AXI_v1_0_PS2_inst/ps2/data_read_reg[5]/Q
                         net (fo=2, routed)           0.124     0.265    ps2AXI_v1_0_PS2_inst/ps2/data_read_reg_n_0_[5]
    SLICE_X40Y40         FDRE                                         r  ps2AXI_v1_0_PS2_inst/ps2/key_reg[4]/D
  -------------------------------------------------------------------    -------------------

Slack:                    inf
  Source:                 ps2AXI_v1_0_PS2_inst/slv_reg2_reg[24]/C
                            (rising edge-triggered cell FDRE)
  Destination:            ps2AXI_v1_0_PS2_inst/axi_rdata_reg[24]/D
  Path Group:             (none)
  Path Type:              Min at Fast Process Corner
  Data Path Delay:        0.273ns  (logic 0.186ns (68.106%)  route 0.087ns (31.894%))
  Logic Levels:           2  (FDRE=1 LUT5=1)

    Location             Delay type                Incr(ns)  Path(ns)    Netlist Resource(s)
  -------------------------------------------------------------------    -------------------
    SLICE_X43Y45         FDRE                         0.000     0.000 r  ps2AXI_v1_0_PS2_inst/slv_reg2_reg[24]/C
    SLICE_X43Y45         FDRE (Prop_fdre_C_Q)         0.141     0.141 r  ps2AXI_v1_0_PS2_inst/slv_reg2_reg[24]/Q
                         net (fo=1, routed)           0.087     0.228    ps2AXI_v1_0_PS2_inst/slv_reg2[24]
    SLICE_X42Y45         LUT5 (Prop_lut5_I1_O)        0.045     0.273 r  ps2AXI_v1_0_PS2_inst/axi_rdata[24]_i_1/O
                         net (fo=1, routed)           0.000     0.273    ps2AXI_v1_0_PS2_inst/reg_data_out[24]
    SLICE_X42Y45         FDRE                                         r  ps2AXI_v1_0_PS2_inst/axi_rdata_reg[24]/D
  -------------------------------------------------------------------    -------------------

Slack:                    inf
  Source:                 ps2AXI_v1_0_PS2_inst/slv_reg3_reg[17]/C
                            (rising edge-triggered cell FDRE)
  Destination:            ps2AXI_v1_0_PS2_inst/axi_rdata_reg[17]/D
  Path Group:             (none)
  Path Type:              Min at Fast Process Corner
  Data Path Delay:        0.282ns  (logic 0.186ns (65.917%)  route 0.096ns (34.083%))
  Logic Levels:           2  (FDRE=1 LUT5=1)

    Location             Delay type                Incr(ns)  Path(ns)    Netlist Resource(s)
  -------------------------------------------------------------------    -------------------
    SLICE_X43Y44         FDRE                         0.000     0.000 r  ps2AXI_v1_0_PS2_inst/slv_reg3_reg[17]/C
    SLICE_X43Y44         FDRE (Prop_fdre_C_Q)         0.141     0.141 r  ps2AXI_v1_0_PS2_inst/slv_reg3_reg[17]/Q
                         net (fo=1, routed)           0.096     0.237    ps2AXI_v1_0_PS2_inst/slv_reg3[17]
    SLICE_X41Y44         LUT5 (Prop_lut5_I4_O)        0.045     0.282 r  ps2AXI_v1_0_PS2_inst/axi_rdata[17]_i_1/O
                         net (fo=1, routed)           0.000     0.282    ps2AXI_v1_0_PS2_inst/reg_data_out[17]
    SLICE_X41Y44         FDRE                                         r  ps2AXI_v1_0_PS2_inst/axi_rdata_reg[17]/D
  -------------------------------------------------------------------    -------------------

Slack:                    inf
  Source:                 ps2AXI_v1_0_PS2_inst/slv_reg3_reg[1]/C
                            (rising edge-triggered cell FDRE)
  Destination:            ps2AXI_v1_0_PS2_inst/axi_rdata_reg[1]/D
  Path Group:             (none)
  Path Type:              Min at Fast Process Corner
  Data Path Delay:        0.294ns  (logic 0.186ns (63.228%)  route 0.108ns (36.772%))
  Logic Levels:           2  (FDRE=1 LUT6=1)

    Location             Delay type                Incr(ns)  Path(ns)    Netlist Resource(s)
  -------------------------------------------------------------------    -------------------
    SLICE_X41Y43         FDRE                         0.000     0.000 r  ps2AXI_v1_0_PS2_inst/slv_reg3_reg[1]/C
    SLICE_X41Y43         FDRE (Prop_fdre_C_Q)         0.141     0.141 r  ps2AXI_v1_0_PS2_inst/slv_reg3_reg[1]/Q
                         net (fo=1, routed)           0.108     0.249    ps2AXI_v1_0_PS2_inst/ps2/axi_rdata_reg[8][1]
    SLICE_X41Y42         LUT6 (Prop_lut6_I0_O)        0.045     0.294 r  ps2AXI_v1_0_PS2_inst/ps2/axi_rdata[1]_i_1/O
                         net (fo=1, routed)           0.000     0.294    ps2AXI_v1_0_PS2_inst/reg_data_out[1]
    SLICE_X41Y42         FDRE                                         r  ps2AXI_v1_0_PS2_inst/axi_rdata_reg[1]/D
  -------------------------------------------------------------------    -------------------

Slack:                    inf
  Source:                 ps2AXI_v1_0_PS2_inst/slv_reg3_reg[13]/C
                            (rising edge-triggered cell FDRE)
  Destination:            ps2AXI_v1_0_PS2_inst/axi_rdata_reg[13]/D
  Path Group:             (none)
  Path Type:              Min at Fast Process Corner
  Data Path Delay:        0.301ns  (logic 0.186ns (61.731%)  route 0.115ns (38.269%))
  Logic Levels:           2  (FDRE=1 LUT5=1)

    Location             Delay type                Incr(ns)  Path(ns)    Netlist Resource(s)
  -------------------------------------------------------------------    -------------------
    SLICE_X39Y45         FDRE                         0.000     0.000 r  ps2AXI_v1_0_PS2_inst/slv_reg3_reg[13]/C
    SLICE_X39Y45         FDRE (Prop_fdre_C_Q)         0.141     0.141 r  ps2AXI_v1_0_PS2_inst/slv_reg3_reg[13]/Q
                         net (fo=1, routed)           0.115     0.256    ps2AXI_v1_0_PS2_inst/slv_reg3[13]
    SLICE_X40Y45         LUT5 (Prop_lut5_I4_O)        0.045     0.301 r  ps2AXI_v1_0_PS2_inst/axi_rdata[13]_i_1/O
                         net (fo=1, routed)           0.000     0.301    ps2AXI_v1_0_PS2_inst/reg_data_out[13]
    SLICE_X40Y45         FDRE                                         r  ps2AXI_v1_0_PS2_inst/axi_rdata_reg[13]/D
  -------------------------------------------------------------------    -------------------

Slack:                    inf
  Source:                 ps2AXI_v1_0_PS2_inst/ps2/data_read_reg[6]/C
                            (rising edge-triggered cell FDRE)
  Destination:            ps2AXI_v1_0_PS2_inst/ps2/key_reg[3]/D
  Path Group:             (none)
  Path Type:              Min at Fast Process Corner
  Data Path Delay:        0.313ns  (logic 0.128ns (40.946%)  route 0.185ns (59.054%))
  Logic Levels:           1  (FDRE=1)

    Location             Delay type                Incr(ns)  Path(ns)    Netlist Resource(s)
  -------------------------------------------------------------------    -------------------
    SLICE_X39Y40         FDRE                         0.000     0.000 r  ps2AXI_v1_0_PS2_inst/ps2/data_read_reg[6]/C
    SLICE_X39Y40         FDRE (Prop_fdre_C_Q)         0.128     0.128 r  ps2AXI_v1_0_PS2_inst/ps2/data_read_reg[6]/Q
                         net (fo=2, routed)           0.185     0.313    ps2AXI_v1_0_PS2_inst/ps2/data_read_reg_n_0_[6]
    SLICE_X40Y40         FDRE                                         r  ps2AXI_v1_0_PS2_inst/ps2/key_reg[3]/D
  -------------------------------------------------------------------    -------------------

Slack:                    inf
  Source:                 ps2AXI_v1_0_PS2_inst/ps2/data_read_reg[8]/C
                            (rising edge-triggered cell FDRE)
  Destination:            ps2AXI_v1_0_PS2_inst/ps2/key_reg[1]/D
  Path Group:             (none)
  Path Type:              Min at Fast Process Corner
  Data Path Delay:        0.314ns  (logic 0.128ns (40.791%)  route 0.186ns (59.209%))
  Logic Levels:           1  (FDRE=1)

    Location             Delay type                Incr(ns)  Path(ns)    Netlist Resource(s)
  -------------------------------------------------------------------    -------------------
    SLICE_X39Y40         FDRE                         0.000     0.000 r  ps2AXI_v1_0_PS2_inst/ps2/data_read_reg[8]/C
    SLICE_X39Y40         FDRE (Prop_fdre_C_Q)         0.128     0.128 r  ps2AXI_v1_0_PS2_inst/ps2/data_read_reg[8]/Q
                         net (fo=2, routed)           0.186     0.314    ps2AXI_v1_0_PS2_inst/ps2/data_read_reg_n_0_[8]
    SLICE_X41Y40         FDRE                                         r  ps2AXI_v1_0_PS2_inst/ps2/key_reg[1]/D
  -------------------------------------------------------------------    -------------------

Slack:                    inf
  Source:                 ps2AXI_v1_0_PS2_inst/ps2/data_read_reg[9]/C
                            (rising edge-triggered cell FDRE)
  Destination:            ps2AXI_v1_0_PS2_inst/ps2/key_reg[0]/D
  Path Group:             (none)
  Path Type:              Min at Fast Process Corner
  Data Path Delay:        0.319ns  (logic 0.128ns (40.079%)  route 0.191ns (59.921%))
  Logic Levels:           1  (FDRE=1)

    Location             Delay type                Incr(ns)  Path(ns)    Netlist Resource(s)
  -------------------------------------------------------------------    -------------------
    SLICE_X39Y40         FDRE                         0.000     0.000 r  ps2AXI_v1_0_PS2_inst/ps2/data_read_reg[9]/C
    SLICE_X39Y40         FDRE (Prop_fdre_C_Q)         0.128     0.128 r  ps2AXI_v1_0_PS2_inst/ps2/data_read_reg[9]/Q
                         net (fo=2, routed)           0.191     0.319    ps2AXI_v1_0_PS2_inst/ps2/data_read_reg_n_0_[9]
    SLICE_X41Y40         FDRE                                         r  ps2AXI_v1_0_PS2_inst/ps2/key_reg[0]/D
  -------------------------------------------------------------------    -------------------





