Copyright 1986-2022 Xilinx, Inc. All Rights Reserved. Copyright 2022-2023 Advanced Micro Devices, Inc. All Rights Reserved.
---------------------------------------------------------------------------------------------------------------------------------------------
| Tool Version : Vivado v.2023.2 (lin64) Build 4029153 Fri Oct 13 20:13:54 MDT 2023
| Date         : Sun Jan 28 01:51:01 2024
| Host         : mariolima-CREF-XX running 64-bit Ubuntu 22.04.3 LTS
| Command      : report_drc -file vespa_toplevel_drc_routed.rpt -pb vespa_toplevel_drc_routed.pb -rpx vespa_toplevel_drc_routed.rpx
| Design       : vespa_toplevel
| Device       : xc7z010clg400-1
| Speed File   : -1
| Design State : Fully Routed
---------------------------------------------------------------------------------------------------------------------------------------------

Report DRC

Table of Contents
-----------------
1. REPORT SUMMARY
2. REPORT DETAILS

1. REPORT SUMMARY
-----------------
            Netlist: netlist
          Floorplan: design_1
      Design limits: <entire design considered>
           Ruledeck: default
             Max violations: <unlimited>
             Violations found: 7
+----------+----------+--------------------+------------+
| Rule     | Severity | Description        | Violations |
+----------+----------+--------------------+------------+
| PDRC-153 | Warning  | Gated clock check  | 6          |
| ZPS7-1   | Warning  | PS7 block required | 1          |
+----------+----------+--------------------+------------+

2. REPORT DETAILS
-----------------
PDRC-153#1 Warning
Gated clock check  
Net CONTROLUNIT/C1_out is a gated clock net sourced by a combinational pin CONTROLUNIT/C_reg_i_2/O, cell CONTROLUNIT/C_reg_i_2. This is not good design practice and will likely impact performance. For SLICE registers, for example, use the CE pin to control the loading of data.
Related violations: <none>

PDRC-153#2 Warning
Gated clock check  
Net CONTROLUNIT/alu_en is a gated clock net sourced by a combinational pin CONTROLUNIT/Z_reg_i_2/O, cell CONTROLUNIT/Z_reg_i_2. This is not good design practice and will likely impact performance. For SLICE registers, for example, use the CE pin to control the loading of data.
Related violations: <none>

PDRC-153#3 Warning
Gated clock check  
Net CONTROLUNIT/state_reg[4]_0 is a gated clock net sourced by a combinational pin CONTROLUNIT/V_reg_i_2/O, cell CONTROLUNIT/V_reg_i_2. This is not good design practice and will likely impact performance. For SLICE registers, for example, use the CE pin to control the loading of data.
Related violations: <none>

PDRC-153#4 Warning
Gated clock check  
Net CONTROLUNIT/state_reg[4]_4[0] is a gated clock net sourced by a combinational pin CONTROLUNIT/pending_reg[3]_i_2/O, cell CONTROLUNIT/pending_reg[3]_i_2. This is not good design practice and will likely impact performance. For SLICE registers, for example, use the CE pin to control the loading of data.
Related violations: <none>

PDRC-153#5 Warning
Gated clock check  
Net DATAPATH/IR_reg[23]_0 is a gated clock net sourced by a combinational pin DATAPATH/out_reg_i_2/O, cell DATAPATH/out_reg_i_2. This is not good design practice and will likely impact performance. For SLICE registers, for example, use the CE pin to control the loading of data.
Related violations: <none>

PDRC-153#6 Warning
Gated clock check  
Net IRQ/int_sources_prev_reg[3]_i_1_n_1 is a gated clock net sourced by a combinational pin IRQ/int_sources_prev_reg[3]_i_1/O, cell IRQ/int_sources_prev_reg[3]_i_1. This is not good design practice and will likely impact performance. For SLICE registers, for example, use the CE pin to control the loading of data.
Related violations: <none>

ZPS7-1#1 Warning
PS7 block required  
The PS7 cell must be used in this Zynq design in order to enable correct default configuration.
Related violations: <none>


