#-----------------------------------------------------------
# Vivado v2023.1 (64-bit)
# SW Build 3865809 on Sun May  7 15:04:56 MDT 2023
# IP Build 3864474 on Sun May  7 20:36:21 MDT 2023
# SharedData Build 3865790 on Sun May 07 13:33:03 MDT 2023
# Start of session at: Sun Mar 10 17:04:03 2024
# Process ID: 13993
# Current directory: /home/araujoj/Documents/VivadoProjects/VeSPA/Vivado/uart_axi/uart_axi.runs/uart_axi_slave_0_synth_1
# Command line: vivado -log uart_axi_slave_0.vds -product Vivado -mode batch -messageDb vivado.pb -notrace -source uart_axi_slave_0.tcl
# Log file: /home/araujoj/Documents/VivadoProjects/VeSPA/Vivado/uart_axi/uart_axi.runs/uart_axi_slave_0_synth_1/uart_axi_slave_0.vds
# Journal file: /home/araujoj/Documents/VivadoProjects/VeSPA/Vivado/uart_axi/uart_axi.runs/uart_axi_slave_0_synth_1/vivado.jou
# Running On: araujojLinux, OS: Linux, CPU Frequency: 1289.718 MHz, CPU Physical cores: 10, Host memory: 16363 MB
#-----------------------------------------------------------
source uart_axi_slave_0.tcl -notrace
